
Running 1 test using 1 worker

[1A[2K[1/1] [chromium] › tests/offline.spec.ts:3:5 › should load offline fallback or cached page when offline
[1A[2K[chromium] › tests/offline.spec.ts:3:5 › should load offline fallback or cached page when offline
Navigating to page...

[1A[2KPage loaded.

[1A[2KSW File Status: [33m200[39m

[1A[2KWaiting for SW registration...

[1A[2KBROWSER LOG: Checking SW ready status...

[1A[2KBROWSER LOG: ✅ IndexedDB initialized

[1A[2KTimeout or error waiting for SW ready: page.evaluate: Error: SW ready timeout
    at eval (eval at evaluate (:290:30), <anonymous>:9:130)
    at [90m/mnt/storage/Projects/supershop/supershop-frontend/[39mtests/offline.spec.ts:21:20 {
  [32mSymbol(step)[39m: {
    location: {
      file: [32m'/mnt/storage/Projects/supershop/supershop-frontend/tests/offline.spec.ts'[39m,
      line: [33m21[39m,
      column: [33m20[39m
    },
    category: [32m'pw:api'[39m,
    title: [32m'Evaluate'[39m,
    apiName: [32m'page.evaluate'[39m,
    params: {
      expression: [32m'async () => {\n'[39m +
        [32m'      var _registration$active, _registration$active2;\n'[39m +
        [32m"      if (!('serviceWorker' in navigator)) {\n"[39m +
        [32m"        console.log('Service Worker not supported in this browser');\n"[39m +
        [32m'        return;\n'[39m +
        [32m'      }\n'[39m +
        [32m"      console.log('Checking SW ready status...');\n"[39m +
        [32m"      // Wait for ready, but don't block forever if it fails\n"[39m +
        [32m"      const registration = await Promise.race([navigator.serviceWorker.ready, new Promise((_, reject) => setTimeout(() => reject(new Error('SW ready timeout')), 5000))]);\n"[39m +
        [32m"      console.log('SW Ready:', (_registration$active = registration.active) === null || _registration$active === void 0 ? void 0 : _registration$active.state);\n"[39m +
        [32m'      return (_registration$active2 = registration.active) === null || _registration$active2 === void 0 ? void 0 : _registration$active2.state;\n'[39m +
        [32m'    }'[39m,
      isFunction: [33mtrue[39m,
      arg: [36m[Object][39m
    },
    group: [90mundefined[39m,
    stepId: [32m'pw:api@38'[39m,
    boxedStack: [90mundefined[39m,
    steps: [],
    attachmentIndices: [],
    info: TestStepInfoImpl {
      annotations: [],
      _testInfo: [36m[TestInfoImpl][39m,
      _stepId: [32m'pw:api@38'[39m,
      _title: [32m'Evaluate'[39m,
      _parentStep: [90mundefined[39m,
      skip: [36m[Function (anonymous)][39m
    },
    complete: [36m[Function: complete][39m,
    endWallTime: [33m1763761788877[39m,
    error: {
      message: [32m'Error: page.evaluate: Error: SW ready timeout\n'[39m +
        [32m'    at eval (eval at evaluate (:290:30), <anonymous>:9:130)'[39m,
      stack: [32m'Error: page.evaluate: Error: SW ready timeout\n'[39m +
        [32m'    at eval (eval at evaluate (:290:30), <anonymous>:9:130)\n'[39m +
        [32m'    at eval (eval at evaluate (:290:30), <anonymous>:9:130)\n'[39m +
        [32m'    at /mnt/storage/Projects/supershop/supershop-frontend/tests/offline.spec.ts:21:20'[39m,
      cause: [90mundefined[39m
    }
  }
}

[1A[2KPage Controlled: [33mfalse[39m

[1A[2KBROWSER LOG: Cache Names: []

[1A[2KCache Content: []

[1A[2KVisiting /offline to verify...

[1A[2KBROWSER LOG: ✅ IndexedDB initialized

[1A[2KOffline page title: SuperShop

[1A[2KBROWSER LOG: Failed to fetch RSC payload for http://localhost:3000/dashboard/catalog. Falling back to browser navigation. TypeError: Failed to fetch
    at f (http://localhost:3000/_next/static/chunks/2117-f41f0a96b112dc17.js:1:45577)
    at http://localhost:3000/_next/static/chunks/2117-f41f0a96b112dc17.js:1:59128
    at Object.u [as task] (http://localhost:3000/_next/static/chunks/2117-f41f0a96b112dc17.js:1:31932)
    at c.s (http://localhost:3000/_next/static/chunks/2117-f41f0a96b112dc17.js:1:32637)
    at c.enqueue (http://localhost:3000/_next/static/chunks/2117-f41f0a96b112dc17.js:1:32062)
    at s (http://localhost:3000/_next/static/chunks/2117-f41f0a96b112dc17.js:1:59091)
    at i (http://localhost:3000/_next/static/chunks/2117-f41f0a96b112dc17.js:1:58631)
    at a (http://localhost:3000/_next/static/chunks/2117-f41f0a96b112dc17.js:1:65457)
    at f (http://localhost:3000/_next/static/chunks/2117-f41f0a96b112dc17.js:1:75371)
    at Object.action (http://localhost:3000/_next/static/chunks/2117-f41f0a96b112dc17.js:2:7102)

[1A[2KBROWSER LOG: Failed to fetch RSC payload for http://localhost:3000/dashboard/sales. Falling back to browser navigation. TypeError: Failed to fetch
    at f (http://localhost:3000/_next/static/chunks/2117-f41f0a96b112dc17.js:1:45577)
    at http://localhost:3000/_next/static/chunks/2117-f41f0a96b112dc17.js:1:59128
    at Object.u [as task] (http://localhost:3000/_next/static/chunks/2117-f41f0a96b112dc17.js:1:31932)
    at c.s (http://localhost:3000/_next/static/chunks/2117-f41f0a96b112dc17.js:1:32637)
    at c.enqueue (http://localhost:3000/_next/static/chunks/2117-f41f0a96b112dc17.js:1:32062)
    at s (http://localhost:3000/_next/static/chunks/2117-f41f0a96b112dc17.js:1:59091)
    at i (http://localhost:3000/_next/static/chunks/2117-f41f0a96b112dc17.js:1:58631)
    at a (http://localhost:3000/_next/static/chunks/2117-f41f0a96b112dc17.js:1:65457)
    at f (http://localhost:3000/_next/static/chunks/2117-f41f0a96b112dc17.js:1:75371)
    at Object.action (http://localhost:3000/_next/static/chunks/2117-f41f0a96b112dc17.js:2:7102)

[1A[2KBROWSER LOG: Failed to fetch RSC payload for http://localhost:3000/dashboard/inventory. Falling back to browser navigation. TypeError: Failed to fetch
    at f (http://localhost:3000/_next/static/chunks/2117-f41f0a96b112dc17.js:1:45577)
    at http://localhost:3000/_next/static/chunks/2117-f41f0a96b112dc17.js:1:59128
    at Object.u [as task] (http://localhost:3000/_next/static/chunks/2117-f41f0a96b112dc17.js:1:31932)
    at c.s (http://localhost:3000/_next/static/chunks/2117-f41f0a96b112dc17.js:1:32637)
    at c.enqueue (http://localhost:3000/_next/static/chunks/2117-f41f0a96b112dc17.js:1:32062)
    at s (http://localhost:3000/_next/static/chunks/2117-f41f0a96b112dc17.js:1:59091)
    at i (http://localhost:3000/_next/static/chunks/2117-f41f0a96b112dc17.js:1:58631)
    at a (http://localhost:3000/_next/static/chunks/2117-f41f0a96b112dc17.js:1:65457)
    at f (http://localhost:3000/_next/static/chunks/2117-f41f0a96b112dc17.js:1:75371)
    at Object.action (http://localhost:3000/_next/static/chunks/2117-f41f0a96b112dc17.js:2:7102)

[1A[2KBROWSER LOG: Failed to fetch RSC payload for http://localhost:3000/dashboard/pos. Falling back to browser navigation. TypeError: network error

[1A[2KBROWSER LOG: ✅ IndexedDB initialized

[1A[2KGoing offline...

[1A[2KReloading page...

[1A[2KBROWSER LOG: ✅ IndexedDB initialized

[1A[2KReload threw error: page.reload: net::ERR_INTERNET_DISCONNECTED
Call log:
[2m  - waiting for navigation until "domcontentloaded"[22m

    at [90m/mnt/storage/Projects/supershop/supershop-frontend/[39mtests/offline.spec.ts:73:20 {
  name: [32m'Error'[39m,
  [32mSymbol(step)[39m: {
    location: {
      file: [32m'/mnt/storage/Projects/supershop/supershop-frontend/tests/offline.spec.ts'[39m,
      line: [33m73[39m,
      column: [33m20[39m
    },
    category: [32m'pw:api'[39m,
    title: [32m'Reload'[39m,
    apiName: [32m'page.reload'[39m,
    params: { waitUntil: [32m'domcontentloaded'[39m, timeout: [33m0[39m },
    group: [90mundefined[39m,
    stepId: [32m'pw:api@46'[39m,
    boxedStack: [90mundefined[39m,
    steps: [],
    attachmentIndices: [],
    info: TestStepInfoImpl {
      annotations: [],
      _testInfo: [36m[TestInfoImpl][39m,
      _stepId: [32m'pw:api@46'[39m,
      _title: [32m'Reload'[39m,
      _parentStep: [90mundefined[39m,
      skip: [36m[Function (anonymous)][39m
    },
    complete: [36m[Function: complete][39m,
    endWallTime: [33m1763761794314[39m,
    error: {
      message: [32m'Error: page.reload: net::ERR_INTERNET_DISCONNECTED\n'[39m +
        [32m'Call log:\n'[39m +
        [32m'\x1B[2m  - waiting for navigation until "domcontentloaded"\x1B[22m\n'[39m,
      stack: [32m'Error: page.reload: net::ERR_INTERNET_DISCONNECTED\n'[39m +
        [32m'Call log:\n'[39m +
        [32m'\x1B[2m  - waiting for navigation until "domcontentloaded"\x1B[22m\n'[39m +
        [32m'\n'[39m +
        [32m'    at /mnt/storage/Projects/supershop/supershop-frontend/tests/offline.spec.ts:73:20'[39m,
      cause: [90mundefined[39m
    }
  }
}

[1A[2KOffline Text Visible: [33mfalse[39m

[1A[2KDashboard Text Visible: [33mfalse[39m

[1A[2KLogin Text Visible: [33mfalse[39m

[1A[2KCurrent URL: chrome-error://chromewebdata/

[1A[2KPage Title: 

[1A[2KPage Content Dump: <html><head></head><body></body></html>

[1A[2K  1) [chromium] › tests/offline.spec.ts:3:5 › should load offline fallback or cached page when offline 

    Error: [2mexpect([22m[31mreceived[39m[2m).[22mtoBeTruthy[2m()[22m

    Received: [31mfalse[39m

      91 |     }
      92 |
    > 93 |     expect(offlineText || dashboardText || loginText).toBeTruthy();
         |                                                       ^
      94 | });
      95 |
        at /mnt/storage/Projects/supershop/supershop-frontend/tests/offline.spec.ts:93:55


[1A[2K  1 failed
    [chromium] › tests/offline.spec.ts:3:5 › should load offline fallback or cached page when offline 

[36m  Serving HTML report at http://localhost:37571. Press Ctrl+C to quit.[39m
